Archive member included to satisfy reference by file (symbol)

c:/users/tarek/desktop/embedded sys/avr/avr/bin/../lib/gcc/avr/7.3.0/avr5\libgcc.a(_divmodhi4.o)
                              main.o (__divmodhi4)
c:/users/tarek/desktop/embedded sys/avr/avr/bin/../lib/gcc/avr/7.3.0/avr5\libgcc.a(_exit.o)
                              c:/users/tarek/desktop/embedded sys/avr/avr/bin/../lib/gcc/avr/7.3.0/../../../../avr/lib/avr5/crtatmega32.o (exit)
c:/users/tarek/desktop/embedded sys/avr/avr/bin/../lib/gcc/avr/7.3.0/avr5\libgcc.a(_copy_data.o)
                              main.o (__do_copy_data)
c:/users/tarek/desktop/embedded sys/avr/avr/bin/../lib/gcc/avr/7.3.0/avr5\libgcc.a(_clear_bss.o)
                              main.o (__do_clear_bss)
c:/users/tarek/desktop/embedded sys/avr/avr/bin/../lib/gcc/avr/7.3.0/avr5\libgcc.a(_udivmodhi4.o)
                              c:/users/tarek/desktop/embedded sys/avr/avr/bin/../lib/gcc/avr/7.3.0/avr5\libgcc.a(_divmodhi4.o) (__udivmodhi4)
c:/users/tarek/desktop/embedded sys/avr/avr/bin/../lib/gcc/avr/7.3.0/../../../../avr/lib/avr5\libc.a(atoi.o)
                              main.o (atoi)
c:/users/tarek/desktop/embedded sys/avr/avr/bin/../lib/gcc/avr/7.3.0/../../../../avr/lib/avr5\libc.a(itoa_ncheck.o)
                              main.o (__itoa_ncheck)
c:/users/tarek/desktop/embedded sys/avr/avr/bin/../lib/gcc/avr/7.3.0/../../../../avr/lib/avr5\libc.a(mul10.o)
                              c:/users/tarek/desktop/embedded sys/avr/avr/bin/../lib/gcc/avr/7.3.0/../../../../avr/lib/avr5\libc.a(atoi.o) (__mulhi_const_10)
c:/users/tarek/desktop/embedded sys/avr/avr/bin/../lib/gcc/avr/7.3.0/../../../../avr/lib/avr5\libc.a(utoa_ncheck.o)
                              c:/users/tarek/desktop/embedded sys/avr/avr/bin/../lib/gcc/avr/7.3.0/../../../../avr/lib/avr5\libc.a(itoa_ncheck.o) (__utoa_common)
c:/users/tarek/desktop/embedded sys/avr/avr/bin/../lib/gcc/avr/7.3.0/../../../../avr/lib/avr5\libc.a(strrev.o)
                              c:/users/tarek/desktop/embedded sys/avr/avr/bin/../lib/gcc/avr/7.3.0/../../../../avr/lib/avr5\libc.a(utoa_ncheck.o) (strrev)

Allocating common symbols
Common symbol       size              file

Result_str          0x4               main.o
button              0x1               main.o
operation           0x1               main.o
NUM_Arr             0x4               main.o

Memory Configuration

Name             Origin             Length             Attributes
text             0x00000000         0x00020000         xr
data             0x00800060         0x0000ffa0         rw !x
eeprom           0x00810000         0x00010000         rw !x
fuse             0x00820000         0x00000002         rw !x
lock             0x00830000         0x00000400         rw !x
signature        0x00840000         0x00000400         rw !x
user_signatures  0x00850000         0x00000400         rw !x
*default*        0x00000000         0xffffffff

Linker script and memory map

LOAD c:/users/tarek/desktop/embedded sys/avr/avr/bin/../lib/gcc/avr/7.3.0/../../../../avr/lib/avr5/crtatmega32.o
LOAD main.o
LOAD MDIO_program.o
LOAD HLED_program.o
LOAD HPBUTT_program.o
LOAD HSEV_SEG_program.o
LOAD HLCD_program.o
LOAD HKPD_program.o
START GROUP
LOAD c:/users/tarek/desktop/embedded sys/avr/avr/bin/../lib/gcc/avr/7.3.0/avr5\libgcc.a
LOAD c:/users/tarek/desktop/embedded sys/avr/avr/bin/../lib/gcc/avr/7.3.0/../../../../avr/lib/avr5\libm.a
LOAD c:/users/tarek/desktop/embedded sys/avr/avr/bin/../lib/gcc/avr/7.3.0/../../../../avr/lib/avr5\libc.a
LOAD c:/users/tarek/desktop/embedded sys/avr/avr/bin/../lib/gcc/avr/7.3.0/../../../../avr/lib/avr5\libatmega32.a
END GROUP
                0x00020000                __TEXT_REGION_LENGTH__ = DEFINED (__TEXT_REGION_LENGTH__)?__TEXT_REGION_LENGTH__:0x20000
                0x0000ffa0                __DATA_REGION_LENGTH__ = DEFINED (__DATA_REGION_LENGTH__)?__DATA_REGION_LENGTH__:0xffa0
                0x00010000                __EEPROM_REGION_LENGTH__ = DEFINED (__EEPROM_REGION_LENGTH__)?__EEPROM_REGION_LENGTH__:0x10000
                [0x00000002]                __FUSE_REGION_LENGTH__ = DEFINED (__FUSE_REGION_LENGTH__)?__FUSE_REGION_LENGTH__:0x400
                0x00000400                __LOCK_REGION_LENGTH__ = DEFINED (__LOCK_REGION_LENGTH__)?__LOCK_REGION_LENGTH__:0x400
                0x00000400                __SIGNATURE_REGION_LENGTH__ = DEFINED (__SIGNATURE_REGION_LENGTH__)?__SIGNATURE_REGION_LENGTH__:0x400
                0x00000400                __USER_SIGNATURE_REGION_LENGTH__ = DEFINED (__USER_SIGNATURE_REGION_LENGTH__)?__USER_SIGNATURE_REGION_LENGTH__:0x400
                0x00800060                __DATA_REGION_ORIGIN__ = DEFINED (__DATA_REGION_ORIGIN__)?__DATA_REGION_ORIGIN__:0x800060

.hash
 *(.hash)

.dynsym
 *(.dynsym)

.dynstr
 *(.dynstr)

.gnu.version
 *(.gnu.version)

.gnu.version_d
 *(.gnu.version_d)

.gnu.version_r
 *(.gnu.version_r)

.rel.init
 *(.rel.init)

.rela.init
 *(.rela.init)

.rel.text
 *(.rel.text)
 *(.rel.text.*)
 *(.rel.gnu.linkonce.t*)

.rela.text
 *(.rela.text)
 *(.rela.text.*)
 *(.rela.gnu.linkonce.t*)

.rel.fini
 *(.rel.fini)

.rela.fini
 *(.rela.fini)

.rel.rodata
 *(.rel.rodata)
 *(.rel.rodata.*)
 *(.rel.gnu.linkonce.r*)

.rela.rodata
 *(.rela.rodata)
 *(.rela.rodata.*)
 *(.rela.gnu.linkonce.r*)

.rel.data
 *(.rel.data)
 *(.rel.data.*)
 *(.rel.gnu.linkonce.d*)

.rela.data
 *(.rela.data)
 *(.rela.data.*)
 *(.rela.gnu.linkonce.d*)

.rel.ctors
 *(.rel.ctors)

.rela.ctors
 *(.rela.ctors)

.rel.dtors
 *(.rel.dtors)

.rela.dtors
 *(.rela.dtors)

.rel.got
 *(.rel.got)

.rela.got
 *(.rela.got)

.rel.bss
 *(.rel.bss)

.rela.bss
 *(.rela.bss)

.rel.plt
 *(.rel.plt)

.rela.plt
 *(.rela.plt)

.text           0x00000000      0x928
 *(.vectors)
 .vectors       0x00000000       0x54 c:/users/tarek/desktop/embedded sys/avr/avr/bin/../lib/gcc/avr/7.3.0/../../../../avr/lib/avr5/crtatmega32.o
                0x00000000                __vector_default
                0x00000000                __vectors
 *(.vectors)
 *(.progmem.gcc*)
                0x00000054                . = ALIGN (0x2)
                0x00000054                __trampolines_start = .
 *(.trampolines)
 .trampolines   0x00000054        0x0 linker stubs
 *(.trampolines*)
                0x00000054                __trampolines_end = .
 *libprintf_flt.a:*(.progmem.data)
 *libc.a:*(.progmem.data)
 *(.progmem*)
                0x00000054                . = ALIGN (0x2)
 *(.jumptables)
 *(.jumptables*)
 *(.lowtext)
 *(.lowtext*)
                0x00000054                __ctors_start = .
 *(.ctors)
                0x00000054                __ctors_end = .
                0x00000054                __dtors_start = .
 *(.dtors)
                0x00000054                __dtors_end = .
 SORT(*)(.ctors)
 SORT(*)(.dtors)
 *(.init0)
 .init0         0x00000054        0x0 c:/users/tarek/desktop/embedded sys/avr/avr/bin/../lib/gcc/avr/7.3.0/../../../../avr/lib/avr5/crtatmega32.o
                0x00000054                __init
 *(.init0)
 *(.init1)
 *(.init1)
 *(.init2)
 .init2         0x00000054        0xc c:/users/tarek/desktop/embedded sys/avr/avr/bin/../lib/gcc/avr/7.3.0/../../../../avr/lib/avr5/crtatmega32.o
 *(.init2)
 *(.init3)
 *(.init3)
 *(.init4)
 .init4         0x00000060       0x16 c:/users/tarek/desktop/embedded sys/avr/avr/bin/../lib/gcc/avr/7.3.0/avr5\libgcc.a(_copy_data.o)
                0x00000060                __do_copy_data
 .init4         0x00000076       0x10 c:/users/tarek/desktop/embedded sys/avr/avr/bin/../lib/gcc/avr/7.3.0/avr5\libgcc.a(_clear_bss.o)
                0x00000076                __do_clear_bss
 *(.init4)
 *(.init5)
 *(.init5)
 *(.init6)
 *(.init6)
 *(.init7)
 *(.init7)
 *(.init8)
 *(.init8)
 *(.init9)
 .init9         0x00000086        0x8 c:/users/tarek/desktop/embedded sys/avr/avr/bin/../lib/gcc/avr/7.3.0/../../../../avr/lib/avr5/crtatmega32.o
 *(.init9)
 *(.text)
 .text          0x0000008e        0x4 c:/users/tarek/desktop/embedded sys/avr/avr/bin/../lib/gcc/avr/7.3.0/../../../../avr/lib/avr5/crtatmega32.o
                0x0000008e                __vector_1
                0x0000008e                __vector_12
                0x0000008e                __bad_interrupt
                0x0000008e                __vector_6
                0x0000008e                __vector_3
                0x0000008e                __vector_11
                0x0000008e                __vector_13
                0x0000008e                __vector_17
                0x0000008e                __vector_19
                0x0000008e                __vector_7
                0x0000008e                __vector_5
                0x0000008e                __vector_4
                0x0000008e                __vector_9
                0x0000008e                __vector_2
                0x0000008e                __vector_15
                0x0000008e                __vector_8
                0x0000008e                __vector_14
                0x0000008e                __vector_10
                0x0000008e                __vector_16
                0x0000008e                __vector_18
                0x0000008e                __vector_20
 .text          0x00000092      0x184 main.o
                0x00000092                Reset
                0x000000c2                DOoperation
                0x0000017a                Getoperation
 .text          0x00000216       0xe6 MDIO_program.o
                0x00000216                mdio_setPinStatus
                0x0000027e                mdio_setpinvalue
                0x000002bc                mdio_togglepinvalue
                0x000002d6                mdio_getpinvalue
 .text          0x000002fc       0x8a HLED_program.o
                0x000002fc                hled_init
                0x00000320                hled_ledValueON
                0x00000344                hled_ledValueOFF
                0x00000368                hled_toggleLedValue
 .text          0x00000386       0x44 HPBUTT_program.o
                0x00000386                hputt_init
                0x000003aa                hputt_getstatus
 .text          0x000003ca       0xc4 HSEV_SEG_program.o
                0x000003ca                hsev_seg_init
                0x00000414                hsev_seg_enable
                0x0000042e                hsev_seg_disable
                0x00000448                hsev_seg_displayNumber
 .text          0x0000048e      0x27a HLCD_program.o
                0x00000622                hlcd_init
                0x000006e4                hlcd_displayCharacter
                0x000006e8                hlcd_displayString
                0x00000700                hlcd_displayPosition
 .text          0x00000708      0x108 HKPD_program.o
                0x00000708                hkpd_init
                0x00000726                hkpd_getPressedButton
 .text          0x00000810        0x0 c:/users/tarek/desktop/embedded sys/avr/avr/bin/../lib/gcc/avr/7.3.0/avr5\libgcc.a(_divmodhi4.o)
 .text          0x00000810        0x0 c:/users/tarek/desktop/embedded sys/avr/avr/bin/../lib/gcc/avr/7.3.0/avr5\libgcc.a(_exit.o)
 .text          0x00000810        0x0 c:/users/tarek/desktop/embedded sys/avr/avr/bin/../lib/gcc/avr/7.3.0/avr5\libgcc.a(_copy_data.o)
 .text          0x00000810        0x0 c:/users/tarek/desktop/embedded sys/avr/avr/bin/../lib/gcc/avr/7.3.0/avr5\libgcc.a(_clear_bss.o)
 .text          0x00000810        0x0 c:/users/tarek/desktop/embedded sys/avr/avr/bin/../lib/gcc/avr/7.3.0/avr5\libgcc.a(_udivmodhi4.o)
 .text          0x00000810        0x0 c:/users/tarek/desktop/embedded sys/avr/avr/bin/../lib/gcc/avr/7.3.0/../../../../avr/lib/avr5\libc.a(atoi.o)
 .text          0x00000810        0x0 c:/users/tarek/desktop/embedded sys/avr/avr/bin/../lib/gcc/avr/7.3.0/../../../../avr/lib/avr5\libc.a(itoa_ncheck.o)
 .text          0x00000810        0x0 c:/users/tarek/desktop/embedded sys/avr/avr/bin/../lib/gcc/avr/7.3.0/../../../../avr/lib/avr5\libc.a(mul10.o)
 .text          0x00000810        0x0 c:/users/tarek/desktop/embedded sys/avr/avr/bin/../lib/gcc/avr/7.3.0/../../../../avr/lib/avr5\libc.a(utoa_ncheck.o)
 .text          0x00000810        0x0 c:/users/tarek/desktop/embedded sys/avr/avr/bin/../lib/gcc/avr/7.3.0/../../../../avr/lib/avr5\libc.a(strrev.o)
                0x00000810                . = ALIGN (0x2)
 *(.text.*)
 .text.startup  0x00000810        0xe main.o
                0x00000810                main
 .text.libgcc.mul
                0x0000081e        0x0 c:/users/tarek/desktop/embedded sys/avr/avr/bin/../lib/gcc/avr/7.3.0/avr5\libgcc.a(_divmodhi4.o)
 .text.libgcc.div
                0x0000081e       0x28 c:/users/tarek/desktop/embedded sys/avr/avr/bin/../lib/gcc/avr/7.3.0/avr5\libgcc.a(_divmodhi4.o)
                0x0000081e                _div
                0x0000081e                __divmodhi4
 .text.libgcc   0x00000846        0x0 c:/users/tarek/desktop/embedded sys/avr/avr/bin/../lib/gcc/avr/7.3.0/avr5\libgcc.a(_divmodhi4.o)
 .text.libgcc.prologue
                0x00000846        0x0 c:/users/tarek/desktop/embedded sys/avr/avr/bin/../lib/gcc/avr/7.3.0/avr5\libgcc.a(_divmodhi4.o)
 .text.libgcc.builtins
                0x00000846        0x0 c:/users/tarek/desktop/embedded sys/avr/avr/bin/../lib/gcc/avr/7.3.0/avr5\libgcc.a(_divmodhi4.o)
 .text.libgcc.fmul
                0x00000846        0x0 c:/users/tarek/desktop/embedded sys/avr/avr/bin/../lib/gcc/avr/7.3.0/avr5\libgcc.a(_divmodhi4.o)
 .text.libgcc.fixed
                0x00000846        0x0 c:/users/tarek/desktop/embedded sys/avr/avr/bin/../lib/gcc/avr/7.3.0/avr5\libgcc.a(_divmodhi4.o)
 .text.libgcc.mul
                0x00000846        0x0 c:/users/tarek/desktop/embedded sys/avr/avr/bin/../lib/gcc/avr/7.3.0/avr5\libgcc.a(_exit.o)
 .text.libgcc.div
                0x00000846        0x0 c:/users/tarek/desktop/embedded sys/avr/avr/bin/../lib/gcc/avr/7.3.0/avr5\libgcc.a(_exit.o)
 .text.libgcc   0x00000846        0x0 c:/users/tarek/desktop/embedded sys/avr/avr/bin/../lib/gcc/avr/7.3.0/avr5\libgcc.a(_exit.o)
 .text.libgcc.prologue
                0x00000846        0x0 c:/users/tarek/desktop/embedded sys/avr/avr/bin/../lib/gcc/avr/7.3.0/avr5\libgcc.a(_exit.o)
 .text.libgcc.builtins
                0x00000846        0x0 c:/users/tarek/desktop/embedded sys/avr/avr/bin/../lib/gcc/avr/7.3.0/avr5\libgcc.a(_exit.o)
 .text.libgcc.fmul
                0x00000846        0x0 c:/users/tarek/desktop/embedded sys/avr/avr/bin/../lib/gcc/avr/7.3.0/avr5\libgcc.a(_exit.o)
 .text.libgcc.fixed
                0x00000846        0x0 c:/users/tarek/desktop/embedded sys/avr/avr/bin/../lib/gcc/avr/7.3.0/avr5\libgcc.a(_exit.o)
 .text.libgcc.mul
                0x00000846        0x0 c:/users/tarek/desktop/embedded sys/avr/avr/bin/../lib/gcc/avr/7.3.0/avr5\libgcc.a(_copy_data.o)
 .text.libgcc.div
                0x00000846        0x0 c:/users/tarek/desktop/embedded sys/avr/avr/bin/../lib/gcc/avr/7.3.0/avr5\libgcc.a(_copy_data.o)
 .text.libgcc   0x00000846        0x0 c:/users/tarek/desktop/embedded sys/avr/avr/bin/../lib/gcc/avr/7.3.0/avr5\libgcc.a(_copy_data.o)
 .text.libgcc.prologue
                0x00000846        0x0 c:/users/tarek/desktop/embedded sys/avr/avr/bin/../lib/gcc/avr/7.3.0/avr5\libgcc.a(_copy_data.o)
 .text.libgcc.builtins
                0x00000846        0x0 c:/users/tarek/desktop/embedded sys/avr/avr/bin/../lib/gcc/avr/7.3.0/avr5\libgcc.a(_copy_data.o)
 .text.libgcc.fmul
                0x00000846        0x0 c:/users/tarek/desktop/embedded sys/avr/avr/bin/../lib/gcc/avr/7.3.0/avr5\libgcc.a(_copy_data.o)
 .text.libgcc.fixed
                0x00000846        0x0 c:/users/tarek/desktop/embedded sys/avr/avr/bin/../lib/gcc/avr/7.3.0/avr5\libgcc.a(_copy_data.o)
 .text.libgcc.mul
                0x00000846        0x0 c:/users/tarek/desktop/embedded sys/avr/avr/bin/../lib/gcc/avr/7.3.0/avr5\libgcc.a(_clear_bss.o)
 .text.libgcc.div
                0x00000846        0x0 c:/users/tarek/desktop/embedded sys/avr/avr/bin/../lib/gcc/avr/7.3.0/avr5\libgcc.a(_clear_bss.o)
 .text.libgcc   0x00000846        0x0 c:/users/tarek/desktop/embedded sys/avr/avr/bin/../lib/gcc/avr/7.3.0/avr5\libgcc.a(_clear_bss.o)
 .text.libgcc.prologue
                0x00000846        0x0 c:/users/tarek/desktop/embedded sys/avr/avr/bin/../lib/gcc/avr/7.3.0/avr5\libgcc.a(_clear_bss.o)
 .text.libgcc.builtins
                0x00000846        0x0 c:/users/tarek/desktop/embedded sys/avr/avr/bin/../lib/gcc/avr/7.3.0/avr5\libgcc.a(_clear_bss.o)
 .text.libgcc.fmul
                0x00000846        0x0 c:/users/tarek/desktop/embedded sys/avr/avr/bin/../lib/gcc/avr/7.3.0/avr5\libgcc.a(_clear_bss.o)
 .text.libgcc.fixed
                0x00000846        0x0 c:/users/tarek/desktop/embedded sys/avr/avr/bin/../lib/gcc/avr/7.3.0/avr5\libgcc.a(_clear_bss.o)
 .text.libgcc.mul
                0x00000846        0x0 c:/users/tarek/desktop/embedded sys/avr/avr/bin/../lib/gcc/avr/7.3.0/avr5\libgcc.a(_udivmodhi4.o)
 .text.libgcc.div
                0x00000846       0x28 c:/users/tarek/desktop/embedded sys/avr/avr/bin/../lib/gcc/avr/7.3.0/avr5\libgcc.a(_udivmodhi4.o)
                0x00000846                __udivmodhi4
 .text.libgcc   0x0000086e        0x0 c:/users/tarek/desktop/embedded sys/avr/avr/bin/../lib/gcc/avr/7.3.0/avr5\libgcc.a(_udivmodhi4.o)
 .text.libgcc.prologue
                0x0000086e        0x0 c:/users/tarek/desktop/embedded sys/avr/avr/bin/../lib/gcc/avr/7.3.0/avr5\libgcc.a(_udivmodhi4.o)
 .text.libgcc.builtins
                0x0000086e        0x0 c:/users/tarek/desktop/embedded sys/avr/avr/bin/../lib/gcc/avr/7.3.0/avr5\libgcc.a(_udivmodhi4.o)
 .text.libgcc.fmul
                0x0000086e        0x0 c:/users/tarek/desktop/embedded sys/avr/avr/bin/../lib/gcc/avr/7.3.0/avr5\libgcc.a(_udivmodhi4.o)
 .text.libgcc.fixed
                0x0000086e        0x0 c:/users/tarek/desktop/embedded sys/avr/avr/bin/../lib/gcc/avr/7.3.0/avr5\libgcc.a(_udivmodhi4.o)
 .text.avr-libc
                0x0000086e       0x3c c:/users/tarek/desktop/embedded sys/avr/avr/bin/../lib/gcc/avr/7.3.0/../../../../avr/lib/avr5\libc.a(atoi.o)
                0x0000086e                atoi
 .text.avr-libc
                0x000008aa       0x16 c:/users/tarek/desktop/embedded sys/avr/avr/bin/../lib/gcc/avr/7.3.0/../../../../avr/lib/avr5\libc.a(itoa_ncheck.o)
                0x000008aa                __itoa_ncheck
 .text.avr-libc
                0x000008c0       0x10 c:/users/tarek/desktop/embedded sys/avr/avr/bin/../lib/gcc/avr/7.3.0/../../../../avr/lib/avr5\libc.a(mul10.o)
                0x000008c0                __mulhi_const_10
 .text.avr-libc
                0x000008d0       0x34 c:/users/tarek/desktop/embedded sys/avr/avr/bin/../lib/gcc/avr/7.3.0/../../../../avr/lib/avr5\libc.a(utoa_ncheck.o)
                0x000008d0                __utoa_ncheck
                0x000008d2                __utoa_common
 .text.avr-libc
                0x00000904       0x20 c:/users/tarek/desktop/embedded sys/avr/avr/bin/../lib/gcc/avr/7.3.0/../../../../avr/lib/avr5\libc.a(strrev.o)
                0x00000904                strrev
                0x00000924                . = ALIGN (0x2)
 *(.fini9)
 .fini9         0x00000924        0x0 c:/users/tarek/desktop/embedded sys/avr/avr/bin/../lib/gcc/avr/7.3.0/avr5\libgcc.a(_exit.o)
                0x00000924                _exit
                0x00000924                exit
 *(.fini9)
 *(.fini8)
 *(.fini8)
 *(.fini7)
 *(.fini7)
 *(.fini6)
 *(.fini6)
 *(.fini5)
 *(.fini5)
 *(.fini4)
 *(.fini4)
 *(.fini3)
 *(.fini3)
 *(.fini2)
 *(.fini2)
 *(.fini1)
 *(.fini1)
 *(.fini0)
 .fini0         0x00000924        0x4 c:/users/tarek/desktop/embedded sys/avr/avr/bin/../lib/gcc/avr/7.3.0/avr5\libgcc.a(_exit.o)
 *(.fini0)
                0x00000928                _etext = .

.data           0x00800060       0x2a load address 0x00000928
                0x00800060                PROVIDE (__data_start, .)
 *(.data)
 .data          0x00800060        0x0 c:/users/tarek/desktop/embedded sys/avr/avr/bin/../lib/gcc/avr/7.3.0/../../../../avr/lib/avr5/crtatmega32.o
 .data          0x00800060        0x2 main.o
                0x00800060                Next_ptr
 .data          0x00800062        0x0 MDIO_program.o
 .data          0x00800062        0x0 HLED_program.o
 .data          0x00800062        0x0 HPBUTT_program.o
 .data          0x00800062        0x0 HSEV_SEG_program.o
 .data          0x00800062        0x0 HLCD_program.o
 .data          0x00800062        0x0 HKPD_program.o
 .data          0x00800062        0x0 c:/users/tarek/desktop/embedded sys/avr/avr/bin/../lib/gcc/avr/7.3.0/avr5\libgcc.a(_divmodhi4.o)
 .data          0x00800062        0x0 c:/users/tarek/desktop/embedded sys/avr/avr/bin/../lib/gcc/avr/7.3.0/avr5\libgcc.a(_exit.o)
 .data          0x00800062        0x0 c:/users/tarek/desktop/embedded sys/avr/avr/bin/../lib/gcc/avr/7.3.0/avr5\libgcc.a(_copy_data.o)
 .data          0x00800062        0x0 c:/users/tarek/desktop/embedded sys/avr/avr/bin/../lib/gcc/avr/7.3.0/avr5\libgcc.a(_clear_bss.o)
 .data          0x00800062        0x0 c:/users/tarek/desktop/embedded sys/avr/avr/bin/../lib/gcc/avr/7.3.0/avr5\libgcc.a(_udivmodhi4.o)
 .data          0x00800062        0x0 c:/users/tarek/desktop/embedded sys/avr/avr/bin/../lib/gcc/avr/7.3.0/../../../../avr/lib/avr5\libc.a(atoi.o)
 .data          0x00800062        0x0 c:/users/tarek/desktop/embedded sys/avr/avr/bin/../lib/gcc/avr/7.3.0/../../../../avr/lib/avr5\libc.a(itoa_ncheck.o)
 .data          0x00800062        0x0 c:/users/tarek/desktop/embedded sys/avr/avr/bin/../lib/gcc/avr/7.3.0/../../../../avr/lib/avr5\libc.a(mul10.o)
 .data          0x00800062        0x0 c:/users/tarek/desktop/embedded sys/avr/avr/bin/../lib/gcc/avr/7.3.0/../../../../avr/lib/avr5\libc.a(utoa_ncheck.o)
 .data          0x00800062        0x0 c:/users/tarek/desktop/embedded sys/avr/avr/bin/../lib/gcc/avr/7.3.0/../../../../avr/lib/avr5\libc.a(strrev.o)
 *(.data*)
 *(.gnu.linkonce.d*)
 *(.rodata)
 .rodata        0x00800062       0x18 MDIO_program.o
 .rodata        0x0080007a       0x10 HKPD_program.o
 *(.rodata*)
 *(.gnu.linkonce.r*)
                0x0080008a                . = ALIGN (0x2)
                0x0080008a                _edata = .
                0x0080008a                PROVIDE (__data_end, .)

.bss            0x0080008a        0xb
                0x0080008a                PROVIDE (__bss_start, .)
 *(.bss)
 .bss           0x0080008a        0x0 c:/users/tarek/desktop/embedded sys/avr/avr/bin/../lib/gcc/avr/7.3.0/../../../../avr/lib/avr5/crtatmega32.o
 .bss           0x0080008a        0x1 main.o
                0x0080008a                i
 .bss           0x0080008b        0x0 MDIO_program.o
 .bss           0x0080008b        0x0 HLED_program.o
 .bss           0x0080008b        0x0 HPBUTT_program.o
 .bss           0x0080008b        0x0 HSEV_SEG_program.o
 .bss           0x0080008b        0x0 HLCD_program.o
 .bss           0x0080008b        0x0 HKPD_program.o
 .bss           0x0080008b        0x0 c:/users/tarek/desktop/embedded sys/avr/avr/bin/../lib/gcc/avr/7.3.0/avr5\libgcc.a(_divmodhi4.o)
 .bss           0x0080008b        0x0 c:/users/tarek/desktop/embedded sys/avr/avr/bin/../lib/gcc/avr/7.3.0/avr5\libgcc.a(_exit.o)
 .bss           0x0080008b        0x0 c:/users/tarek/desktop/embedded sys/avr/avr/bin/../lib/gcc/avr/7.3.0/avr5\libgcc.a(_copy_data.o)
 .bss           0x0080008b        0x0 c:/users/tarek/desktop/embedded sys/avr/avr/bin/../lib/gcc/avr/7.3.0/avr5\libgcc.a(_clear_bss.o)
 .bss           0x0080008b        0x0 c:/users/tarek/desktop/embedded sys/avr/avr/bin/../lib/gcc/avr/7.3.0/avr5\libgcc.a(_udivmodhi4.o)
 .bss           0x0080008b        0x0 c:/users/tarek/desktop/embedded sys/avr/avr/bin/../lib/gcc/avr/7.3.0/../../../../avr/lib/avr5\libc.a(atoi.o)
 .bss           0x0080008b        0x0 c:/users/tarek/desktop/embedded sys/avr/avr/bin/../lib/gcc/avr/7.3.0/../../../../avr/lib/avr5\libc.a(itoa_ncheck.o)
 .bss           0x0080008b        0x0 c:/users/tarek/desktop/embedded sys/avr/avr/bin/../lib/gcc/avr/7.3.0/../../../../avr/lib/avr5\libc.a(mul10.o)
 .bss           0x0080008b        0x0 c:/users/tarek/desktop/embedded sys/avr/avr/bin/../lib/gcc/avr/7.3.0/../../../../avr/lib/avr5\libc.a(utoa_ncheck.o)
 .bss           0x0080008b        0x0 c:/users/tarek/desktop/embedded sys/avr/avr/bin/../lib/gcc/avr/7.3.0/../../../../avr/lib/avr5\libc.a(strrev.o)
 *(.bss*)
 *(COMMON)
 COMMON         0x0080008b        0xa main.o
                0x0080008b                Result_str
                0x0080008f                button
                0x00800090                operation
                0x00800091                NUM_Arr
                0x00800095                PROVIDE (__bss_end, .)
                0x00000928                __data_load_start = LOADADDR (.data)
                0x00000952                __data_load_end = (__data_load_start + SIZEOF (.data))

.noinit         0x00800095        0x0
                [!provide]                PROVIDE (__noinit_start, .)
 *(.noinit*)
                [!provide]                PROVIDE (__noinit_end, .)
                0x00800095                _end = .
                [!provide]                PROVIDE (__heap_start, .)

.eeprom         0x00810000        0x0
 *(.eeprom*)
                0x00810000                __eeprom_end = .

.fuse
 *(.fuse)
 *(.lfuse)
 *(.hfuse)
 *(.efuse)

.lock
 *(.lock*)

.signature
 *(.signature*)

.user_signatures
 *(.user_signatures*)

.stab
 *(.stab)

.stabstr
 *(.stabstr)

.stab.excl
 *(.stab.excl)

.stab.exclstr
 *(.stab.exclstr)

.stab.index
 *(.stab.index)

.stab.indexstr
 *(.stab.indexstr)

.comment        0x00000000       0x11
 *(.comment)
 .comment       0x00000000       0x11 main.o
                                 0x12 (size before relaxing)
 .comment       0x00000011       0x12 MDIO_program.o
 .comment       0x00000011       0x12 HLED_program.o
 .comment       0x00000011       0x12 HPBUTT_program.o
 .comment       0x00000011       0x12 HSEV_SEG_program.o
 .comment       0x00000011       0x12 HLCD_program.o
 .comment       0x00000011       0x12 HKPD_program.o

.note.gnu.avr.deviceinfo
                0x00000000       0x3c
 .note.gnu.avr.deviceinfo
                0x00000000       0x3c c:/users/tarek/desktop/embedded sys/avr/avr/bin/../lib/gcc/avr/7.3.0/../../../../avr/lib/avr5/crtatmega32.o

.note.gnu.build-id
 *(.note.gnu.build-id)

.debug
 *(.debug)

.line
 *(.line)

.debug_srcinfo
 *(.debug_srcinfo)

.debug_sfnames
 *(.debug_sfnames)

.debug_aranges  0x00000000       0xa0
 *(.debug_aranges)
 .debug_aranges
                0x00000000       0x20 c:/users/tarek/desktop/embedded sys/avr/avr/bin/../lib/gcc/avr/7.3.0/avr5\libgcc.a(_divmodhi4.o)
 .debug_aranges
                0x00000020       0x20 c:/users/tarek/desktop/embedded sys/avr/avr/bin/../lib/gcc/avr/7.3.0/avr5\libgcc.a(_exit.o)
 .debug_aranges
                0x00000040       0x20 c:/users/tarek/desktop/embedded sys/avr/avr/bin/../lib/gcc/avr/7.3.0/avr5\libgcc.a(_copy_data.o)
 .debug_aranges
                0x00000060       0x20 c:/users/tarek/desktop/embedded sys/avr/avr/bin/../lib/gcc/avr/7.3.0/avr5\libgcc.a(_clear_bss.o)
 .debug_aranges
                0x00000080       0x20 c:/users/tarek/desktop/embedded sys/avr/avr/bin/../lib/gcc/avr/7.3.0/avr5\libgcc.a(_udivmodhi4.o)

.debug_pubnames
 *(.debug_pubnames)

.debug_info     0x00000000      0x88d
 *(.debug_info .gnu.linkonce.wi.*)
 .debug_info    0x00000000      0x4e6 c:/users/tarek/desktop/embedded sys/avr/avr/bin/../lib/gcc/avr/7.3.0/../../../../avr/lib/avr5/crtatmega32.o
 .debug_info    0x000004e6       0xbb c:/users/tarek/desktop/embedded sys/avr/avr/bin/../lib/gcc/avr/7.3.0/avr5\libgcc.a(_divmodhi4.o)
 .debug_info    0x000005a1       0xbb c:/users/tarek/desktop/embedded sys/avr/avr/bin/../lib/gcc/avr/7.3.0/avr5\libgcc.a(_exit.o)
 .debug_info    0x0000065c       0xbb c:/users/tarek/desktop/embedded sys/avr/avr/bin/../lib/gcc/avr/7.3.0/avr5\libgcc.a(_copy_data.o)
 .debug_info    0x00000717       0xbb c:/users/tarek/desktop/embedded sys/avr/avr/bin/../lib/gcc/avr/7.3.0/avr5\libgcc.a(_clear_bss.o)
 .debug_info    0x000007d2       0xbb c:/users/tarek/desktop/embedded sys/avr/avr/bin/../lib/gcc/avr/7.3.0/avr5\libgcc.a(_udivmodhi4.o)

.debug_abbrev   0x00000000      0x507
 *(.debug_abbrev)
 .debug_abbrev  0x00000000      0x4a3 c:/users/tarek/desktop/embedded sys/avr/avr/bin/../lib/gcc/avr/7.3.0/../../../../avr/lib/avr5/crtatmega32.o
 .debug_abbrev  0x000004a3       0x14 c:/users/tarek/desktop/embedded sys/avr/avr/bin/../lib/gcc/avr/7.3.0/avr5\libgcc.a(_divmodhi4.o)
 .debug_abbrev  0x000004b7       0x14 c:/users/tarek/desktop/embedded sys/avr/avr/bin/../lib/gcc/avr/7.3.0/avr5\libgcc.a(_exit.o)
 .debug_abbrev  0x000004cb       0x14 c:/users/tarek/desktop/embedded sys/avr/avr/bin/../lib/gcc/avr/7.3.0/avr5\libgcc.a(_copy_data.o)
 .debug_abbrev  0x000004df       0x14 c:/users/tarek/desktop/embedded sys/avr/avr/bin/../lib/gcc/avr/7.3.0/avr5\libgcc.a(_clear_bss.o)
 .debug_abbrev  0x000004f3       0x14 c:/users/tarek/desktop/embedded sys/avr/avr/bin/../lib/gcc/avr/7.3.0/avr5\libgcc.a(_udivmodhi4.o)

.debug_line     0x00000000      0x330
 *(.debug_line .debug_line.* .debug_line_end)
 .debug_line    0x00000000       0x1a c:/users/tarek/desktop/embedded sys/avr/avr/bin/../lib/gcc/avr/7.3.0/../../../../avr/lib/avr5/crtatmega32.o
 .debug_line    0x0000001a       0xc8 c:/users/tarek/desktop/embedded sys/avr/avr/bin/../lib/gcc/avr/7.3.0/avr5\libgcc.a(_divmodhi4.o)
 .debug_line    0x000000e2       0x62 c:/users/tarek/desktop/embedded sys/avr/avr/bin/../lib/gcc/avr/7.3.0/avr5\libgcc.a(_exit.o)
 .debug_line    0x00000144       0x98 c:/users/tarek/desktop/embedded sys/avr/avr/bin/../lib/gcc/avr/7.3.0/avr5\libgcc.a(_copy_data.o)
 .debug_line    0x000001dc       0x86 c:/users/tarek/desktop/embedded sys/avr/avr/bin/../lib/gcc/avr/7.3.0/avr5\libgcc.a(_clear_bss.o)
 .debug_line    0x00000262       0xce c:/users/tarek/desktop/embedded sys/avr/avr/bin/../lib/gcc/avr/7.3.0/avr5\libgcc.a(_udivmodhi4.o)

.debug_frame
 *(.debug_frame)

.debug_str      0x00000000      0x196
 *(.debug_str)
 .debug_str     0x00000000      0x196 c:/users/tarek/desktop/embedded sys/avr/avr/bin/../lib/gcc/avr/7.3.0/../../../../avr/lib/avr5/crtatmega32.o

.debug_loc
 *(.debug_loc)

.debug_macinfo
 *(.debug_macinfo)

.debug_weaknames
 *(.debug_weaknames)

.debug_funcnames
 *(.debug_funcnames)

.debug_typenames
 *(.debug_typenames)

.debug_varnames
 *(.debug_varnames)

.debug_pubtypes
 *(.debug_pubtypes)

.debug_ranges
 *(.debug_ranges)

.debug_macro
 *(.debug_macro)
OUTPUT(main.elf elf32-avr)
LOAD linker stubs
